error: detected two execution paths, returning two different expression types (got '(response UnknownType uint)' and 'bool')
--> contracts\gm-social.clar:106:1
(define-private (check-emission (amt uint))
^
warning: use of potentially unchecked data
--> contracts\gm-token.clar:27:48
    (try! (ft-transfer? gm-token amount sender recipient))
                                               ^~~~~~~~~
note:: source of untrusted input here
(define-public (transfer (amount uint) (sender principal) (recipient principal) (memo (optional (buff 34))))
                                                           ^~~~~~~~~
warning: use of potentially unchecked data
--> contracts\gm-token.clar:37:31
    (ft-mint? gm-token amount recipient)
                              ^~~~~~~~~
note:: source of untrusted input here
(define-public (mint (amount uint) (recipient principal))
                                    ^~~~~~~~~
warning: use of potentially unchecked data
--> contracts\gm-token.clar:46:31
    (ft-burn? gm-token amount sender)
                              ^~~~~~
note:: source of untrusted input here
(define-public (burn (amount uint) (sender principal))
                                    ^~~~~~
warning: use of potentially unchecked data
--> contracts\gm-token.clar:54:23
    (var-set governor new-governor)
                      ^~~~~~~~~~~~
note:: source of untrusted input here
(define-public (set-governor (new-governor principal))
                              ^~~~~~~~~~~~
! 4 warnings detected
x 1 error detected

----------------------------
Hint: what's next?
Once you are ready to write TypeScript unit tests for your contract, run the following command:

  $ npm install
  $ npm test
    Run all run tests in the ./tests folder.

Find more information on testing with Clarinet here: https://docs.hiro.so/stacks/clarinet-js-sdk
These hints can be disabled in the ~/.clarinet/clarinetrc.toml file.
  $ mkdir -p ~/.clarinet; echo "enable_hints = false" >> ~/.clarinet/clarinetrc.toml
----------------------------
